
user@host: ~/v-spells-nand-use-case$ ./test_alpha_0
ALPHA 0 DRIVER
Test: store 300 bytes to device, retrieve them, and compare.

Data to write to device:

abcdefghijklmnopqrstuvwxyzabcdefghijklmnopqrstuvwxyzabcdefgh
ijklmnopqrstuvwxyzabcdefghijklmnopqrstuvwxyzabcdefghijklmnop
qrstuvwxyzabcdefghijklmnopqrstuvwxyzabcdefghijklmnopqrstuvwx
yzabcdefghijklmnopqrstuvwxyzabcdefghijklmnopqrstuvwxyzabcdef
ghijklmnopqrstuvwxyzabcdefghijklmnopqrstuvwxyzabcdefghijklmn
Writing data...
Reading data...
Data read from device (ideally identical):

abcdefghijklmnopqrstuvwxyzabcdefghijklmnopqrstuvwxyzabcdefgh
ijklmnopqrstuvwxyzabcdefghijklmnopqrstuvwxyzabcdefghijklmnop
qrstuvwxyzabcdefghijklmnopqrstuvwxyzabcdefghijklmnopqrstuvwx
yzabcdefghijklmnopqrstuvwxyzabcdefghijklmnopqrstuvwxyzabcdef
ghijklmnopqrstuvwxyzabcdefghijklmnopqrstuvwxyzabcdefghijklmn

Pass - comparison confirms match.

Test: erase device blocks, retrieve erased data, and confirm it is zeroed:

Erasing blocks...
Reading erased blocks...
Data read from device (ideally zeroed):

------------------------------------------------------------
------------------------------------------------------------
------------------------------------------------------------
------------------------------------------------------------
------------------------------------------------------------

Pass - examination confirms all-zeroes.

user@host: ~/v-spells-nand-use-case$ ./test_alpha_1
ALPHA 1 DRIVER
Test: store 300 bytes to device, retrieve them, and compare.

Data to write to device:

abcdefghijklmnopqrstuvwxyzabcdefghijklmnopqrstuvwxyzabcdefgh
ijklmnopqrstuvwxyzabcdefghijklmnopqrstuvwxyzabcdefghijklmnop
qrstuvwxyzabcdefghijklmnopqrstuvwxyzabcdefghijklmnopqrstuvwx
yzabcdefghijklmnopqrstuvwxyzabcdefghijklmnopqrstuvwxyzabcdef
ghijklmnopqrstuvwxyzabcdefghijklmnopqrstuvwxyzabcdefghijklmn
Writing data...
Reading data...
Data read from device (ideally identical):

abcdefghijklmnopqrstuvwxyzabcdefghijklmnopqrstuvwxyzabcdefgh
ijklmnopqrstuvwxyzabcdefghijklmnopqrstuvwxyzabcdefghijklmnop
qrstuvwxyzabcdefghijklmnopqrstuvwxyzabcdefghijklmnopqrstuvwx
yzabcdefghijklmnopqrstuvwxyzabcdefghijklmnopqrstuvwxyzabcdef
ghijklmnopqrstuvwxyzabcdefghijklmnopqrstuvwxyzabcdefghijklmn

Pass - comparison confirms match.

Test: erase device blocks, retrieve erased data, and confirm it is zeroed:

Erasing blocks...
Reading erased blocks...
Data read from device (ideally zeroed):

------------------------------------------------------------
------------------------------------------------------------
------------------------------------------------------------
------------------------------------------------------------
------------------------------------------------------------

Pass - examination confirms all-zeroes.

user@host: ~/v-spells-nand-use-case$ ./test_alpha_2
ALPHA 2 DRIVER
Test: store 300 bytes to device, retrieve them, and compare.

Data to write to device:

abcdefghijklmnopqrstuvwxyzabcdefghijklmnopqrstuvwxyzabcdefgh
ijklmnopqrstuvwxyzabcdefghijklmnopqrstuvwxyzabcdefghijklmnop
qrstuvwxyzabcdefghijklmnopqrstuvwxyzabcdefghijklmnopqrstuvwx
yzabcdefghijklmnopqrstuvwxyzabcdefghijklmnopqrstuvwxyzabcdef
ghijklmnopqrstuvwxyzabcdefghijklmnopqrstuvwxyzabcdefghijklmn
Writing data...
Reading data...
Data read from device (ideally identical):

abcdefghijklmnopqrstuvwxyzabcdefghijklmnopqrstuvwxyzabcdefgh
ijklmnopqrstuvwxyzabcdefghijklmnopqrstuvwxyzabcdefghijklmnop
qrstuvwxyzabcdefghijklmnopqrstuvwxyzabcdefghijklmnopqrstuvwx
yzabcdefghijklmnopqrstuvwxyzabcdefghijklmnopqrstuvwxyzabcdef
ghijklmnopqrstuvwxyzabcdefghijklmnopqrstuvwxyzabcdefghijklmn

Pass - comparison confirms match.

Test: erase device blocks, retrieve erased data, and confirm it is zeroed:

Erasing blocks...
Reading erased blocks...
Data read from device (ideally zeroed):

------------------------------------------------------------
------------------------------------------------------------
------------------------------------------------------------
------------------------------------------------------------
------------------------------------------------------------

Pass - examination confirms all-zeroes.

user@host: ~/v-spells-nand-use-case$ ./test_alpha_3
ALPHA 3 DRIVER
Test: store 300 bytes to device, retrieve them, and compare.

Data to write to device:

abcdefghijklmnopqrstuvwxyzabcdefghijklmnopqrstuvwxyzabcdefgh
ijklmnopqrstuvwxyzabcdefghijklmnopqrstuvwxyzabcdefghijklmnop
qrstuvwxyzabcdefghijklmnopqrstuvwxyzabcdefghijklmnopqrstuvwx
yzabcdefghijklmnopqrstuvwxyzabcdefghijklmnopqrstuvwxyzabcdef
ghijklmnopqrstuvwxyzabcdefghijklmnopqrstuvwxyzabcdefghijklmn
Writing data...
Reading data...
Data read from device (ideally identical):

abcdefghijklmnopqrstuvwxyzabcdefghijklmnopqrstuvwxyzabcdefgh
ijklmnopqrstuvwxyzabcdefghijklmnopqrstuvwxyzabcdefghijklmnop
qrstuvwxyzabcdefghijklmnopqrstuvwxyzabcdefghijklmnopqrstuvwx
yzabcdefghijklmnopqrstuvwxyzabcdefghijklmnopqrstuvwxyzabcdef
ghijklmnopqrstuvwxyzabcdefghijklmnopqrstuvwxyzabcdefghijklmn

Pass - comparison confirms match.

Test: erase device blocks, retrieve erased data, and confirm it is zeroed:

Erasing blocks...
Reading erased blocks...
Data read from device (ideally zeroed):

------------------------------------------------------------
------------------------------------------------------------
------------------------------------------------------------
------------------------------------------------------------
------------------------------------------------------------

Pass - examination confirms all-zeroes.

user@host: ~/v-spells-nand-use-case$ ./test_alpha_4
ALPHA 4 DRIVER
Test: store 300 bytes to device, retrieve them, and compare.

Data to write to device:

abcdefghijklmnopqrstuvwxyzabcdefghijklmnopqrstuvwxyzabcdefgh
ijklmnopqrstuvwxyzabcdefghijklmnopqrstuvwxyzabcdefghijklmnop
qrstuvwxyzabcdefghijklmnopqrstuvwxyzabcdefghijklmnopqrstuvwx
yzabcdefghijklmnopqrstuvwxyzabcdefghijklmnopqrstuvwxyzabcdef
ghijklmnopqrstuvwxyzabcdefghijklmnopqrstuvwxyzabcdefghijklmn
Writing data...
Reading data...
Data read from device (ideally identical):

abcdefghijklmnopqrstuvwxyzabcdefghijklmnopqrstuvwxyzabcdefgh
ijklmnopqrstuvwxyzabcdefghijklmnopqrstuvwxyzabcdefghijklmnop
qrstuvwxyzabcdefghijklmnopqrstuvwxyzabcdefghijklmnopqrstuvwx
yzabcdefghijklmnopqrstuvwxyzabcdefghijklmnopqrstuvwxyzabcdef
ghijklmnopqrstuvwxyzabcdefghijklmnopqrstuvwxyzabcdefghij----

Fail - buffers differ at index 296.

user@host: ~/v-spells-nand-use-case$ ./test_alpha_5
ALPHA 5 DRIVER
Test: store 300 bytes to device, retrieve them, and compare.

Data to write to device:

abcdefghijklmnopqrstuvwxyzabcdefghijklmnopqrstuvwxyzabcdefgh
ijklmnopqrstuvwxyzabcdefghijklmnopqrstuvwxyzabcdefghijklmnop
qrstuvwxyzabcdefghijklmnopqrstuvwxyzabcdefghijklmnopqrstuvwx
yzabcdefghijklmnopqrstuvwxyzabcdefghijklmnopqrstuvwxyzabcdef
ghijklmnopqrstuvwxyzabcdefghijklmnopqrstuvwxyzabcdefghijklmn
Writing data...
Reading data...
^C

user@host: ~/v-spells-nand-use-case$ ./test_alpha_6
ALPHA 6 DRIVER
Test: store 300 bytes to device, retrieve them, and compare.

Data to write to device:

abcdefghijklmnopqrstuvwxyzabcdefghijklmnopqrstuvwxyzabcdefgh
ijklmnopqrstuvwxyzabcdefghijklmnopqrstuvwxyzabcdefghijklmnop
qrstuvwxyzabcdefghijklmnopqrstuvwxyzabcdefghijklmnopqrstuvwx
yzabcdefghijklmnopqrstuvwxyzabcdefghijklmnopqrstuvwxyzabcdef
ghijklmnopqrstuvwxyzabcdefghijklmnopqrstuvwxyzabcdefghijklmn
Writing data...
Reading data...
Data read from device (ideally identical):

vutsrqponmlkjihgfedcbazyxwvutsrqponmlkjihgfedcbazyxwvutsrqpo
nmlkjihgfedcbazyxwvutsrqponmlkjihgfedcbazyxwvutsrqponmlkjihg
fedcbazyxwvutsrqponmlkjihgfedcbazyxwvutsrqponmlkjihgfedcbazy
xwvutsrqponmlkjihgfedcbazyxwvutsrqponmlkjihgfedcbazyxwvutsrq
ponmlkjihgfedcbanmlkjihgfedcbazyxwvutsrqponmlkjihgfedcbazyxw

Fail - buffers differ at index 0.

user@host: ~/v-spells-nand-use-case$ ./test_alpha_7
ALPHA 7 DRIVER
Test: store 300 bytes to device, retrieve them, and compare.

Data to write to device:

abcdefghijklmnopqrstuvwxyzabcdefghijklmnopqrstuvwxyzabcdefgh
ijklmnopqrstuvwxyzabcdefghijklmnopqrstuvwxyzabcdefghijklmnop
qrstuvwxyzabcdefghijklmnopqrstuvwxyzabcdefghijklmnopqrstuvwx
yzabcdefghijklmnopqrstuvwxyzabcdefghijklmnopqrstuvwxyzabcdef
ghijklmnopqrstuvwxyzabcdefghijklmnopqrstuvwxyzabcdefghijklmn
Writing data...
Reading data...
Data read from device (ideally identical):

abcdefghijklmnopqrstuvwxyzabcdefghijklmnopqrstuvwxyzabcdefgh
ijklmnopqrstuvwxyzabcdefghijklmnopqrstuvwxyzabcdefghijklmnop
qrstuvwxyzabcdefghijklmnopqrstuvwxyzabcdefghijklmnopqrstuvwx
yzabcdefghijklmnopqrstuvwxyzabcdefghijklmnopqrstuvwxyzabcdef
ghijklmnopqrstuvwxyzabcdefghijklmnopqrstuvwxyzabcdefghijklmn

Pass - comparison confirms match.

Test: erase device blocks, retrieve erased data, and confirm it is zeroed:

Erasing blocks...
Reading erased blocks...
Data read from device (ideally zeroed):

------------------------------------------------------------
------------------------------------------------------------
------------------------------------------------------------
------------------------------------------------------------
------------------------------------------------------------

Pass - examination confirms all-zeroes.

user@host: ~/v-spells-nand-use-case$ ./test_alpha_8
ALPHA 8 DRIVER
Test: store 300 bytes to device, retrieve them, and compare.

Data to write to device:

abcdefghijklmnopqrstuvwxyzabcdefghijklmnopqrstuvwxyzabcdefgh
ijklmnopqrstuvwxyzabcdefghijklmnopqrstuvwxyzabcdefghijklmnop
qrstuvwxyzabcdefghijklmnopqrstuvwxyzabcdefghijklmnopqrstuvwx
yzabcdefghijklmnopqrstuvwxyzabcdefghijklmnopqrstuvwxyzabcdef
ghijklmnopqrstuvwxyzabcdefghijklmnopqrstuvwxyzabcdefghijklmn
Writing data...
Reading data...
Data read from device (ideally identical):

abcdefghijklmnopqrstuvwxyzabcdefghijklmnopqrstuvwxyzabcdefgh
ijklmnopqrstuvwxyzabcdefghijklmnopqrstuvwxyzabcdefghijklmnop
qrstuvwxyzabcdefghijklmnopqrstuvwxyzabcdefghijklmnopqrstuvwx
yzabcdefghijklmnopqrstuvwxyzabcdefghijklmnopqrstuvwxyzabcdef
ghijklmnopqrstuvwxyzabcdefghijklmnopqrstuvwxyzabcdefghijklmn

Pass - comparison confirms match.

Test: erase device blocks, retrieve erased data, and confirm it is zeroed:

Erasing blocks...
Reading erased blocks...
Data read from device (ideally zeroed):

------------------------------------------------------------
------------------------------------------------------------
------------------------------------------------------------
------------------------------------------------------------
------------------------------------------------------------

Pass - examination confirms all-zeroes.

user@host: ~/v-spells-nand-use-case$ ./test_foxtrot_0
FOXTROT 0 DRIVER
Test: store 300 bytes to device, retrieve them, and compare.

Data to write to device:

abcdefghijklmnopqrstuvwxyzabcdefghijklmnopqrstuvwxyzabcdefgh
ijklmnopqrstuvwxyzabcdefghijklmnopqrstuvwxyzabcdefghijklmnop
qrstuvwxyzabcdefghijklmnopqrstuvwxyzabcdefghijklmnopqrstuvwx
yzabcdefghijklmnopqrstuvwxyzabcdefghijklmnopqrstuvwxyzabcdef
ghijklmnopqrstuvwxyzabcdefghijklmnopqrstuvwxyzabcdefghijklmn
Writing data...
Reading data...
Data read from device (ideally identical):

abcdefghijklmnopqrstuvwxyzabcdefghijklmnopqrstuvwxyzabcdefgh
ijklmnopqrstuvwxyzabcdefghijklmnopqrstuvwxyzabcdefghijklmnop
qrstuvwxyzabcdefghijklmnopqrstuvwxyzabcdefghijklmnopqrstuvwx
yzabcdefghijklmnopqrstuvwxyzabcdefghijklmnopqrstuvwxyzabcdef
ghijklmnopqrstuvwxyzabcdefghijklmnopqrstuvwxyzabcdefghijklmn

Pass - comparison confirms match.

Test: erase device blocks, retrieve erased data, and confirm it is zeroed:

Erasing blocks...
Reading erased blocks...
Data read from device (ideally zeroed):

------------------------------------------------------------
------------------------------------------------------------
------------------------------------------------------------
------------------------------------------------------------
------------------------------------------------------------

Pass - examination confirms all-zeroes.

user@host: ~/v-spells-nand-use-case$ ./test_foxtrot_1
FOXTROT 1 DRIVER
Test: store 300 bytes to device, retrieve them, and compare.

Data to write to device:

abcdefghijklmnopqrstuvwxyzabcdefghijklmnopqrstuvwxyzabcdefgh
ijklmnopqrstuvwxyzabcdefghijklmnopqrstuvwxyzabcdefghijklmnop
qrstuvwxyzabcdefghijklmnopqrstuvwxyzabcdefghijklmnopqrstuvwx
yzabcdefghijklmnopqrstuvwxyzabcdefghijklmnopqrstuvwxyzabcdef
ghijklmnopqrstuvwxyzabcdefghijklmnopqrstuvwxyzabcdefghijklmn
Writing data...
Reading data...
Data read from device (ideally identical):

abcdefghijklmnopqrstuvwxyzabcdefghijklmnopqrstuvwxyzabcdefgh
ijklmnopqrstuvwxyzabcdefghijklmnopqrstuvwxyzabcdefghijklmnop
qrstuvwxyzabcdefghijklmnopqrstuvwxyzabcdefghijklmnopqrstuvwx
yzabcdefghijklmnopqrstuvwxyzabcdefghijklmnopqrstuvwxyzabcdef
ghijklmnopqrstuv--------------------------------------------

Fail - buffers differ at index 256.

user@host: ~/v-spells-nand-use-case$ ./test_foxtrot_2
FOXTROT 2 DRIVER
Test: store 300 bytes to device, retrieve them, and compare.

Data to write to device:

abcdefghijklmnopqrstuvwxyzabcdefghijklmnopqrstuvwxyzabcdefgh
ijklmnopqrstuvwxyzabcdefghijklmnopqrstuvwxyzabcdefghijklmnop
qrstuvwxyzabcdefghijklmnopqrstuvwxyzabcdefghijklmnopqrstuvwx
yzabcdefghijklmnopqrstuvwxyzabcdefghijklmnopqrstuvwxyzabcdef
ghijklmnopqrstuvwxyzabcdefghijklmnopqrstuvwxyzabcdefghijklmn
Writing data...
^C

user@host: ~/v-spells-nand-use-case$ ./test_kilo_0
KILO 0 DRIVER
Verifying: Dummy device in original DIB.
Verifying new DIB...
Verifying: Provatek, LLC NAND Provastore.
Verifying: Dummy device in original DIB.
Pass - confirmed DIB well-formed after driver initialization.

Test: store 300 bytes to device, retrieve them, and compare.

Data to write to device:

abcdefghijklmnopqrstuvwxyzabcdefghijklmnopqrstuvwxyzabcdefgh
ijklmnopqrstuvwxyzabcdefghijklmnopqrstuvwxyzabcdefghijklmnop
qrstuvwxyzabcdefghijklmnopqrstuvwxyzabcdefghijklmnopqrstuvwx
yzabcdefghijklmnopqrstuvwxyzabcdefghijklmnopqrstuvwxyzabcdef
ghijklmnopqrstuvwxyzabcdefghijklmnopqrstuvwxyzabcdefghijklmn
Writing data...
Reading data...
Data read from device (ideally identical):

abcdefghijklmnopqrstuvwxyzabcdefghijklmnopqrstuvwxyzabcdefgh
ijklmnopqrstuvwxyzabcdefghijklmnopqrstuvwxyzabcdefghijklmnop
qrstuvwxyzabcdefghijklmnopqrstuvwxyzabcdefghijklmnopqrstuvwx
yzabcdefghijklmnopqrstuvwxyzabcdefghijklmnopqrstuvwxyzabcdef
ghijklmnopqrstuvwxyzabcdefghijklmnopqrstuvwxyzabcdefghijklmn

Pass - comparison confirms match.

Test: erase device blocks, retrieve erased data, and confirm it is zeroed:

Erasing blocks...
Reading erased blocks...
Data read from device (ideally zeroed):

------------------------------------------------------------
------------------------------------------------------------
------------------------------------------------------------
------------------------------------------------------------
------------------------------------------------------------

Pass - examination confirms all-zeroes.

user@host: ~/v-spells-nand-use-case$ ./test_kilo_1
KILO 1 DRIVER
Verifying: Dummy device in original DIB.
Verifying new DIB...
Verifying: Provatek, LLC NAND Provastore.
Fail - driver failed to preserve original DIB entries.

user@host: ~/v-spells-nand-use-case$ ./test_kilo_2
KILO 2 DRIVER
Verifying: Dummy device in original DIB.
Verifying new DIB...
Verifying: Provatek, LLC NAND Provastore.
DIB: device has no controller chip.
Fail - new DIB is not well-formed.

user@host: ~/v-spells-nand-use-case$ ./test_kilo_3
KILO 3 DRIVER
Verifying: Dummy device in original DIB.
Verifying new DIB...
Verifying: Provatek, LLC NAND Provastore.
DIB:  controller chip has no storage chips.
Fail - new DIB is not well-formed.

user@host: ~/v-spells-nand-use-case$ ./test_kilo_4
KILO 4 DRIVER
Verifying: Dummy device in original DIB.
Verifying new DIB...
Verifying: Provatek, LLC NAND Provastore.
DIB: storage chip has reference count != 1.
Fail - new DIB is not well-formed.

user@host: ~/v-spells-nand-use-case$ ./test_kilo_5
KILO 5 DRIVER
Verifying: Dummy device in original DIB.
Verifying new DIB...
Verifying: Provatek, LLC NAND Provastore.
DIB: first and last storage chip do not point to controller chip.
Fail - new DIB is not well-formed.


